Archive member included to satisfy reference by file (symbol)

C:/avr8-gnu-toolchain-win32_x86_64/bin/../lib/gcc/avr/15.1.0/avr5\libgcc.a(_divmodsi4.o)
                              C:\Users\twitter\Desktop\ITI_Tasks\ITI_EmbeddedDiploma_Tasks\EmbeddedDriversCodingAssignment\release\HAL\LCD\LCD_Program.c.o (__divmodsi4)
C:/avr8-gnu-toolchain-win32_x86_64/bin/../lib/gcc/avr/15.1.0/avr5\libgcc.a(_negsi2.o)
                              C:/avr8-gnu-toolchain-win32_x86_64/bin/../lib/gcc/avr/15.1.0/avr5\libgcc.a(_divmodsi4.o) (__negsi2)
C:/avr8-gnu-toolchain-win32_x86_64/bin/../lib/gcc/avr/15.1.0/avr5\libgcc.a(_exit.o)
                              C:/avr8-gnu-toolchain-win32_x86_64/bin/../lib/gcc/avr/15.1.0/../../../../avr/lib/avr5/crtatmega32.o (exit)
C:/avr8-gnu-toolchain-win32_x86_64/bin/../lib/gcc/avr/15.1.0/avr5\libgcc.a(_copy_data.o)
                              C:\Users\twitter\Desktop\ITI_Tasks\ITI_EmbeddedDiploma_Tasks\EmbeddedDriversCodingAssignment\release\HAL\7SegDriver\Seven_Seg_Program.c.o (__do_copy_data)
C:/avr8-gnu-toolchain-win32_x86_64/bin/../lib/gcc/avr/15.1.0/avr5\libgcc.a(_udivmodsi4.o)
                              C:/avr8-gnu-toolchain-win32_x86_64/bin/../lib/gcc/avr/15.1.0/avr5\libgcc.a(_divmodsi4.o) (__udivmodsi4)

There are no discarded input sections

Memory Configuration

Name             Origin             Length             Attributes
text             0x00000000         0x00008000         xr
data             0x00800060         0x00000800         rw!x
eeprom           0x00810000         0x00000400         rw!x
fuse             0x00820000         0x00000002         rw!x
lock             0x00830000         0x00000400         rw!x
signature        0x00840000         0x00000400         rw!x
user_signatures  0x00850000         0x00000400         rw!x
*default*        0x00000000         0xffffffff

Linker script and memory map

LOAD C:/avr8-gnu-toolchain-win32_x86_64/bin/../lib/gcc/avr/15.1.0/../../../../avr/lib/avr5/crtatmega32.o
LOAD C:\Users\twitter\Desktop\ITI_Tasks\ITI_EmbeddedDiploma_Tasks\EmbeddedDriversCodingAssignment\release\HAL\7SegDriver\Seven_Seg_Program.c.o
LOAD C:\Users\twitter\Desktop\ITI_Tasks\ITI_EmbeddedDiploma_Tasks\EmbeddedDriversCodingAssignment\release\HAL\KPD_3X3\KPD3x3_Program.c.o
LOAD C:\Users\twitter\Desktop\ITI_Tasks\ITI_EmbeddedDiploma_Tasks\EmbeddedDriversCodingAssignment\release\HAL\KPD_4X4\KPD4x4_Program.c.o
LOAD C:\Users\twitter\Desktop\ITI_Tasks\ITI_EmbeddedDiploma_Tasks\EmbeddedDriversCodingAssignment\release\HAL\LCD\LCD_Program.c.o
LOAD C:\Users\twitter\Desktop\ITI_Tasks\ITI_EmbeddedDiploma_Tasks\EmbeddedDriversCodingAssignment\release\HAL\MotorDriver\MotorDriver_Program.c.o
LOAD C:\Users\twitter\Desktop\ITI_Tasks\ITI_EmbeddedDiploma_Tasks\EmbeddedDriversCodingAssignment\release\main.c.o
LOAD C:\Users\twitter\Desktop\ITI_Tasks\ITI_EmbeddedDiploma_Tasks\EmbeddedDriversCodingAssignment\release\MCAL\DIO\DIO_Program.c.o
START GROUP
LOAD C:/avr8-gnu-toolchain-win32_x86_64/bin/../lib/gcc/avr/15.1.0/avr5\libgcc.a
LOAD C:/avr8-gnu-toolchain-win32_x86_64/bin/../lib/gcc/avr/15.1.0/../../../../avr/lib/avr5\libm.a
LOAD C:/avr8-gnu-toolchain-win32_x86_64/bin/../lib/gcc/avr/15.1.0/../../../../avr/lib/avr5\libc.a
LOAD C:/avr8-gnu-toolchain-win32_x86_64/bin/../lib/gcc/avr/15.1.0/../../../../avr/lib/avr5\libatmega32.a
END GROUP
                [0x00000000]                      __TEXT_REGION_ORIGIN__ = DEFINED (__TEXT_REGION_ORIGIN__)?__TEXT_REGION_ORIGIN__:0x0
                [0x00008000]                      __TEXT_REGION_LENGTH__ = DEFINED (__TEXT_REGION_LENGTH__)?__TEXT_REGION_LENGTH__:0x20000
                [0x00800060]                      __DATA_REGION_ORIGIN__ = DEFINED (__DATA_REGION_ORIGIN__)?__DATA_REGION_ORIGIN__:0x800060
                [0x00000800]                      __DATA_REGION_LENGTH__ = DEFINED (__DATA_REGION_LENGTH__)?__DATA_REGION_LENGTH__:0xffa0
                [0x00000400]                      __EEPROM_REGION_LENGTH__ = DEFINED (__EEPROM_REGION_LENGTH__)?__EEPROM_REGION_LENGTH__:0x10000
                [0x00000002]                      __FUSE_REGION_LENGTH__ = DEFINED (__FUSE_REGION_LENGTH__)?__FUSE_REGION_LENGTH__:0x400
                0x00000400                        __LOCK_REGION_LENGTH__ = DEFINED (__LOCK_REGION_LENGTH__)?__LOCK_REGION_LENGTH__:0x400
                0x00000400                        __SIGNATURE_REGION_LENGTH__ = DEFINED (__SIGNATURE_REGION_LENGTH__)?__SIGNATURE_REGION_LENGTH__:0x400
                0x00000400                        __USER_SIGNATURE_REGION_LENGTH__ = DEFINED (__USER_SIGNATURE_REGION_LENGTH__)?__USER_SIGNATURE_REGION_LENGTH__:0x400

.hash
 *(.hash)

.dynsym
 *(.dynsym)

.dynstr
 *(.dynstr)

.gnu.version
 *(.gnu.version)

.gnu.version_d
 *(.gnu.version_d)

.gnu.version_r
 *(.gnu.version_r)

.rel.init
 *(.rel.init)

.rela.init
 *(.rela.init)

.rel.text
 *(.rel.text)
 *(.rel.text.*)
 *(.rel.gnu.linkonce.t*)

.rela.text
 *(.rela.text)
 *(.rela.text.*)
 *(.rela.gnu.linkonce.t*)

.rel.fini
 *(.rel.fini)

.rela.fini
 *(.rela.fini)

.rel.rodata
 *(.rel.rodata)
 *(.rel.rodata.*)
 *(.rel.gnu.linkonce.r*)

.rela.rodata
 *(.rela.rodata)
 *(.rela.rodata.*)
 *(.rela.gnu.linkonce.r*)

.rel.data
 *(.rel.data)
 *(.rel.data.*)
 *(.rel.gnu.linkonce.d*)

.rela.data
 *(.rela.data)
 *(.rela.data.*)
 *(.rela.gnu.linkonce.d*)

.rel.ctors
 *(.rel.ctors)

.rela.ctors
 *(.rela.ctors)

.rel.dtors
 *(.rel.dtors)

.rela.dtors
 *(.rela.dtors)

.rel.got
 *(.rel.got)

.rela.got
 *(.rela.got)

.rel.bss
 *(.rel.bss)

.rela.bss
 *(.rela.bss)

.rel.plt
 *(.rel.plt)

.rela.plt
 *(.rela.plt)

.text           0x00000000      0x9b6
 *(.vectors)
 .vectors       0x00000000       0x54 C:/avr8-gnu-toolchain-win32_x86_64/bin/../lib/gcc/avr/15.1.0/../../../../avr/lib/avr5/crtatmega32.o
                0x00000000                __vector_default
                0x00000000                __vectors
 *(.vectors)
 *(.progmem.gcc*)
                0x00000054                        . = ALIGN (0x2)
                0x00000054                        __trampolines_start = .
 *(.trampolines)
 .trampolines   0x00000054        0x0 linker stubs
 *(.trampolines*)
                0x00000054                        __trampolines_end = .
 *libprintf_flt.a:*(.progmem.data)
 *libc.a:*(.progmem.data)
 *(.progmem.*)
                0x00000054                        . = ALIGN (0x2)
 *(.lowtext)
 *(.lowtext*)
                0x00000054                        __ctors_start = .
 *(.ctors)
                0x00000054                        __ctors_end = .
                0x00000054                        __dtors_start = .
 *(.dtors)
                0x00000054                        __dtors_end = .
 SORT_BY_NAME(*)(.ctors)
 SORT_BY_NAME(*)(.dtors)
 *(.init0)
 .init0         0x00000054        0x0 C:/avr8-gnu-toolchain-win32_x86_64/bin/../lib/gcc/avr/15.1.0/../../../../avr/lib/avr5/crtatmega32.o
                0x00000054                __init
 *(.init0)
 *(.init1)
 *(.init1)
 *(.init2)
 .init2         0x00000054        0xc C:/avr8-gnu-toolchain-win32_x86_64/bin/../lib/gcc/avr/15.1.0/../../../../avr/lib/avr5/crtatmega32.o
 *(.init2)
 *(.init3)
 *(.init3)
 *(.init4)
 .init4         0x00000060       0x16 C:/avr8-gnu-toolchain-win32_x86_64/bin/../lib/gcc/avr/15.1.0/avr5\libgcc.a(_copy_data.o)
                0x00000060                __do_copy_data
 *(.init4)
 *(.init5)
 *(.init5)
 *(.init6)
 *(.init6)
 *(.init7)
 *(.init7)
 *(.init8)
 *(.init8)
 *(.init9)
 .init9         0x00000076        0x8 C:/avr8-gnu-toolchain-win32_x86_64/bin/../lib/gcc/avr/15.1.0/../../../../avr/lib/avr5/crtatmega32.o
 *(.init9)
 *(.text)
 .text          0x0000007e        0x4 C:/avr8-gnu-toolchain-win32_x86_64/bin/../lib/gcc/avr/15.1.0/../../../../avr/lib/avr5/crtatmega32.o
                0x0000007e                __vector_1
                0x0000007e                __vector_12
                0x0000007e                __bad_interrupt
                0x0000007e                __vector_6
                0x0000007e                __vector_3
                0x0000007e                __vector_11
                0x0000007e                __vector_13
                0x0000007e                __vector_17
                0x0000007e                __vector_19
                0x0000007e                __vector_7
                0x0000007e                __vector_5
                0x0000007e                __vector_4
                0x0000007e                __vector_9
                0x0000007e                __vector_2
                0x0000007e                __vector_15
                0x0000007e                __vector_8
                0x0000007e                __vector_14
                0x0000007e                __vector_10
                0x0000007e                __vector_16
                0x0000007e                __vector_18
                0x0000007e                __vector_20
 .text          0x00000082       0x3c C:\Users\twitter\Desktop\ITI_Tasks\ITI_EmbeddedDiploma_Tasks\EmbeddedDriversCodingAssignment\release\HAL\7SegDriver\Seven_Seg_Program.c.o
                0x00000082                SSD_voidInitialDataPort
                0x00000094                SSD_voidSendNumber
                0x000000aa                SSD_voidEnable
                0x000000b4                SSD_voidDisable
 .text          0x000000be      0x17a C:\Users\twitter\Desktop\ITI_Tasks\ITI_EmbeddedDiploma_Tasks\EmbeddedDriversCodingAssignment\release\HAL\KPD_3X3\KPD3x3_Program.c.o
                0x000000be                KPD3x3_voidInit
                0x0000010c                KPD3x3_u8GetKey
 .text          0x00000238      0x17a C:\Users\twitter\Desktop\ITI_Tasks\ITI_EmbeddedDiploma_Tasks\EmbeddedDriversCodingAssignment\release\HAL\KPD_4X4\KPD4x4_Program.c.o
                0x00000238                KPD4x4_voidInit
                0x00000286                KPD4x4_u8GetKey
 .text          0x000003b2      0x340 C:\Users\twitter\Desktop\ITI_Tasks\ITI_EmbeddedDiploma_Tasks\EmbeddedDriversCodingAssignment\release\HAL\LCD\LCD_Program.c.o
                0x000003b2                LCD_voidSendData
                0x00000404                LCD_voidSendCommand
                0x00000456                LCD_voidInit
                0x000004fe                LCD_voidSendString
                0x00000520                LCD_voidSendNumber
                0x00000634                LCD_voidSetPosition
                0x0000064c                LCD_voidClearDisplay
                0x00000652                LCD_voidReturnHome
                0x00000658                LCD_voidSendSpecialCharecter
 .text          0x000006f2        0x0 C:\Users\twitter\Desktop\ITI_Tasks\ITI_EmbeddedDiploma_Tasks\EmbeddedDriversCodingAssignment\release\HAL\MotorDriver\MotorDriver_Program.c.o
 .text          0x000006f2       0x3a C:\Users\twitter\Desktop\ITI_Tasks\ITI_EmbeddedDiploma_Tasks\EmbeddedDriversCodingAssignment\release\main.c.o
                0x000006f2                LedsAnimationFunction
 .text          0x0000072c      0x1be C:\Users\twitter\Desktop\ITI_Tasks\ITI_EmbeddedDiploma_Tasks\EmbeddedDriversCodingAssignment\release\MCAL\DIO\DIO_Program.c.o
                0x0000072c                DIO_voidSetPinValue
                0x000007b8                DIO_voidSetPinDirection
                0x00000844                DIO_voidGetPinValue
                0x0000087a                DIO_voidSetPortValue
                0x0000089a                DIO_voidSetPortDirection
                0x000008ba                DIO_voidGetPortValue
 .text          0x000008ea        0x0 C:/avr8-gnu-toolchain-win32_x86_64/bin/../lib/gcc/avr/15.1.0/avr5\libgcc.a(_divmodsi4.o)
 .text          0x000008ea        0x0 C:/avr8-gnu-toolchain-win32_x86_64/bin/../lib/gcc/avr/15.1.0/avr5\libgcc.a(_negsi2.o)
 .text          0x000008ea        0x0 C:/avr8-gnu-toolchain-win32_x86_64/bin/../lib/gcc/avr/15.1.0/avr5\libgcc.a(_exit.o)
 .text          0x000008ea        0x0 C:/avr8-gnu-toolchain-win32_x86_64/bin/../lib/gcc/avr/15.1.0/avr5\libgcc.a(_copy_data.o)
 .text          0x000008ea        0x0 C:/avr8-gnu-toolchain-win32_x86_64/bin/../lib/gcc/avr/15.1.0/avr5\libgcc.a(_udivmodsi4.o)
                0x000008ea                        . = ALIGN (0x2)
 *(.text.*)
 .text.startup  0x000008ea       0x46 C:\Users\twitter\Desktop\ITI_Tasks\ITI_EmbeddedDiploma_Tasks\EmbeddedDriversCodingAssignment\release\main.c.o
                0x000008ea                main
 .text.libgcc.mul
                0x00000930        0x0 C:/avr8-gnu-toolchain-win32_x86_64/bin/../lib/gcc/avr/15.1.0/avr5\libgcc.a(_divmodsi4.o)
 .text.libgcc.div
                0x00000930       0x2e C:/avr8-gnu-toolchain-win32_x86_64/bin/../lib/gcc/avr/15.1.0/avr5\libgcc.a(_divmodsi4.o)
                0x00000930                __divmodsi4
 .text.libgcc   0x0000095e        0x0 C:/avr8-gnu-toolchain-win32_x86_64/bin/../lib/gcc/avr/15.1.0/avr5\libgcc.a(_divmodsi4.o)
 .text.libgcc.prologue
                0x0000095e        0x0 C:/avr8-gnu-toolchain-win32_x86_64/bin/../lib/gcc/avr/15.1.0/avr5\libgcc.a(_divmodsi4.o)
 .text.libgcc.builtins
                0x0000095e        0x0 C:/avr8-gnu-toolchain-win32_x86_64/bin/../lib/gcc/avr/15.1.0/avr5\libgcc.a(_divmodsi4.o)
 .text.libgcc.fmul
                0x0000095e        0x0 C:/avr8-gnu-toolchain-win32_x86_64/bin/../lib/gcc/avr/15.1.0/avr5\libgcc.a(_divmodsi4.o)
 .text.libgcc.fixed
                0x0000095e        0x0 C:/avr8-gnu-toolchain-win32_x86_64/bin/../lib/gcc/avr/15.1.0/avr5\libgcc.a(_divmodsi4.o)
 .text.libgcc.mul
                0x0000095e        0x0 C:/avr8-gnu-toolchain-win32_x86_64/bin/../lib/gcc/avr/15.1.0/avr5\libgcc.a(_negsi2.o)
 .text.libgcc.div
                0x0000095e       0x10 C:/avr8-gnu-toolchain-win32_x86_64/bin/../lib/gcc/avr/15.1.0/avr5\libgcc.a(_negsi2.o)
                0x0000095e                __negsi2
 .text.libgcc   0x0000096e        0x0 C:/avr8-gnu-toolchain-win32_x86_64/bin/../lib/gcc/avr/15.1.0/avr5\libgcc.a(_negsi2.o)
 .text.libgcc.prologue
                0x0000096e        0x0 C:/avr8-gnu-toolchain-win32_x86_64/bin/../lib/gcc/avr/15.1.0/avr5\libgcc.a(_negsi2.o)
 .text.libgcc.builtins
                0x0000096e        0x0 C:/avr8-gnu-toolchain-win32_x86_64/bin/../lib/gcc/avr/15.1.0/avr5\libgcc.a(_negsi2.o)
 .text.libgcc.fmul
                0x0000096e        0x0 C:/avr8-gnu-toolchain-win32_x86_64/bin/../lib/gcc/avr/15.1.0/avr5\libgcc.a(_negsi2.o)
 .text.libgcc.fixed
                0x0000096e        0x0 C:/avr8-gnu-toolchain-win32_x86_64/bin/../lib/gcc/avr/15.1.0/avr5\libgcc.a(_negsi2.o)
 .text.libgcc.mul
                0x0000096e        0x0 C:/avr8-gnu-toolchain-win32_x86_64/bin/../lib/gcc/avr/15.1.0/avr5\libgcc.a(_exit.o)
 .text.libgcc.div
                0x0000096e        0x0 C:/avr8-gnu-toolchain-win32_x86_64/bin/../lib/gcc/avr/15.1.0/avr5\libgcc.a(_exit.o)
 .text.libgcc   0x0000096e        0x0 C:/avr8-gnu-toolchain-win32_x86_64/bin/../lib/gcc/avr/15.1.0/avr5\libgcc.a(_exit.o)
 .text.libgcc.prologue
                0x0000096e        0x0 C:/avr8-gnu-toolchain-win32_x86_64/bin/../lib/gcc/avr/15.1.0/avr5\libgcc.a(_exit.o)
 .text.libgcc.builtins
                0x0000096e        0x0 C:/avr8-gnu-toolchain-win32_x86_64/bin/../lib/gcc/avr/15.1.0/avr5\libgcc.a(_exit.o)
 .text.libgcc.fmul
                0x0000096e        0x0 C:/avr8-gnu-toolchain-win32_x86_64/bin/../lib/gcc/avr/15.1.0/avr5\libgcc.a(_exit.o)
 .text.libgcc.fixed
                0x0000096e        0x0 C:/avr8-gnu-toolchain-win32_x86_64/bin/../lib/gcc/avr/15.1.0/avr5\libgcc.a(_exit.o)
 .text.libgcc.mul
                0x0000096e        0x0 C:/avr8-gnu-toolchain-win32_x86_64/bin/../lib/gcc/avr/15.1.0/avr5\libgcc.a(_copy_data.o)
 .text.libgcc.div
                0x0000096e        0x0 C:/avr8-gnu-toolchain-win32_x86_64/bin/../lib/gcc/avr/15.1.0/avr5\libgcc.a(_copy_data.o)
 .text.libgcc   0x0000096e        0x0 C:/avr8-gnu-toolchain-win32_x86_64/bin/../lib/gcc/avr/15.1.0/avr5\libgcc.a(_copy_data.o)
 .text.libgcc.prologue
                0x0000096e        0x0 C:/avr8-gnu-toolchain-win32_x86_64/bin/../lib/gcc/avr/15.1.0/avr5\libgcc.a(_copy_data.o)
 .text.libgcc.builtins
                0x0000096e        0x0 C:/avr8-gnu-toolchain-win32_x86_64/bin/../lib/gcc/avr/15.1.0/avr5\libgcc.a(_copy_data.o)
 .text.libgcc.fmul
                0x0000096e        0x0 C:/avr8-gnu-toolchain-win32_x86_64/bin/../lib/gcc/avr/15.1.0/avr5\libgcc.a(_copy_data.o)
 .text.libgcc.fixed
                0x0000096e        0x0 C:/avr8-gnu-toolchain-win32_x86_64/bin/../lib/gcc/avr/15.1.0/avr5\libgcc.a(_copy_data.o)
 .text.libgcc.mul
                0x0000096e        0x0 C:/avr8-gnu-toolchain-win32_x86_64/bin/../lib/gcc/avr/15.1.0/avr5\libgcc.a(_udivmodsi4.o)
 .text.libgcc.div
                0x0000096e       0x44 C:/avr8-gnu-toolchain-win32_x86_64/bin/../lib/gcc/avr/15.1.0/avr5\libgcc.a(_udivmodsi4.o)
                0x0000096e                __udivmodsi4
 .text.libgcc   0x000009b2        0x0 C:/avr8-gnu-toolchain-win32_x86_64/bin/../lib/gcc/avr/15.1.0/avr5\libgcc.a(_udivmodsi4.o)
 .text.libgcc.prologue
                0x000009b2        0x0 C:/avr8-gnu-toolchain-win32_x86_64/bin/../lib/gcc/avr/15.1.0/avr5\libgcc.a(_udivmodsi4.o)
 .text.libgcc.builtins
                0x000009b2        0x0 C:/avr8-gnu-toolchain-win32_x86_64/bin/../lib/gcc/avr/15.1.0/avr5\libgcc.a(_udivmodsi4.o)
 .text.libgcc.fmul
                0x000009b2        0x0 C:/avr8-gnu-toolchain-win32_x86_64/bin/../lib/gcc/avr/15.1.0/avr5\libgcc.a(_udivmodsi4.o)
 .text.libgcc.fixed
                0x000009b2        0x0 C:/avr8-gnu-toolchain-win32_x86_64/bin/../lib/gcc/avr/15.1.0/avr5\libgcc.a(_udivmodsi4.o)
                0x000009b2                        . = ALIGN (0x2)
 *(.fini9)
 .fini9         0x000009b2        0x0 C:/avr8-gnu-toolchain-win32_x86_64/bin/../lib/gcc/avr/15.1.0/avr5\libgcc.a(_exit.o)
                0x000009b2                _exit
                0x000009b2                exit
 *(.fini9)
 *(.fini8)
 *(.fini8)
 *(.fini7)
 *(.fini7)
 *(.fini6)
 *(.fini6)
 *(.fini5)
 *(.fini5)
 *(.fini4)
 *(.fini4)
 *(.fini3)
 *(.fini3)
 *(.fini2)
 *(.fini2)
 *(.fini1)
 *(.fini1)
 *(.fini0)
 .fini0         0x000009b2        0x4 C:/avr8-gnu-toolchain-win32_x86_64/bin/../lib/gcc/avr/15.1.0/avr5\libgcc.a(_exit.o)
 *(.fini0)
 *(.hightext)
 *(.hightext*)
 *(.progmemx.*)
                0x000009b6                        . = ALIGN (0x2)
 *(.jumptables)
 *(.jumptables*)
                0x000009b6                        _etext = .

.data           0x00800060       0x32 load address 0x000009b6
                0x00800060                        PROVIDE (__data_start = .)
 *(.data)
 .data          0x00800060        0x0 C:/avr8-gnu-toolchain-win32_x86_64/bin/../lib/gcc/avr/15.1.0/../../../../avr/lib/avr5/crtatmega32.o
 .data          0x00800060        0x0 C:\Users\twitter\Desktop\ITI_Tasks\ITI_EmbeddedDiploma_Tasks\EmbeddedDriversCodingAssignment\release\HAL\7SegDriver\Seven_Seg_Program.c.o
 .data          0x00800060        0x6 C:\Users\twitter\Desktop\ITI_Tasks\ITI_EmbeddedDiploma_Tasks\EmbeddedDriversCodingAssignment\release\HAL\KPD_3X3\KPD3x3_Program.c.o
                0x00800060                RowsPins
                0x00800063                ColumnsPins
 .data          0x00800066        0x8 C:\Users\twitter\Desktop\ITI_Tasks\ITI_EmbeddedDiploma_Tasks\EmbeddedDriversCodingAssignment\release\HAL\KPD_4X4\KPD4x4_Program.c.o
 .data          0x0080006e        0x0 C:\Users\twitter\Desktop\ITI_Tasks\ITI_EmbeddedDiploma_Tasks\EmbeddedDriversCodingAssignment\release\HAL\LCD\LCD_Program.c.o
 .data          0x0080006e        0x0 C:\Users\twitter\Desktop\ITI_Tasks\ITI_EmbeddedDiploma_Tasks\EmbeddedDriversCodingAssignment\release\HAL\MotorDriver\MotorDriver_Program.c.o
 .data          0x0080006e        0x0 C:\Users\twitter\Desktop\ITI_Tasks\ITI_EmbeddedDiploma_Tasks\EmbeddedDriversCodingAssignment\release\main.c.o
 .data          0x0080006e        0x0 C:\Users\twitter\Desktop\ITI_Tasks\ITI_EmbeddedDiploma_Tasks\EmbeddedDriversCodingAssignment\release\MCAL\DIO\DIO_Program.c.o
 .data          0x0080006e        0x0 C:/avr8-gnu-toolchain-win32_x86_64/bin/../lib/gcc/avr/15.1.0/avr5\libgcc.a(_divmodsi4.o)
 .data          0x0080006e        0x0 C:/avr8-gnu-toolchain-win32_x86_64/bin/../lib/gcc/avr/15.1.0/avr5\libgcc.a(_negsi2.o)
 .data          0x0080006e        0x0 C:/avr8-gnu-toolchain-win32_x86_64/bin/../lib/gcc/avr/15.1.0/avr5\libgcc.a(_exit.o)
 .data          0x0080006e        0x0 C:/avr8-gnu-toolchain-win32_x86_64/bin/../lib/gcc/avr/15.1.0/avr5\libgcc.a(_copy_data.o)
 .data          0x0080006e        0x0 C:/avr8-gnu-toolchain-win32_x86_64/bin/../lib/gcc/avr/15.1.0/avr5\libgcc.a(_udivmodsi4.o)
 *(.data*)
 *(.gnu.linkonce.d*)
 *(.rodata)
 .rodata        0x0080006e        0xa C:\Users\twitter\Desktop\ITI_Tasks\ITI_EmbeddedDiploma_Tasks\EmbeddedDriversCodingAssignment\release\HAL\7SegDriver\Seven_Seg_Program.c.o
 .rodata        0x00800078        0x9 C:\Users\twitter\Desktop\ITI_Tasks\ITI_EmbeddedDiploma_Tasks\EmbeddedDriversCodingAssignment\release\HAL\KPD_3X3\KPD3x3_Program.c.o
 .rodata        0x00800081       0x10 C:\Users\twitter\Desktop\ITI_Tasks\ITI_EmbeddedDiploma_Tasks\EmbeddedDriversCodingAssignment\release\HAL\KPD_4X4\KPD4x4_Program.c.o
 *(.rodata*)
 *(.gnu.linkonce.r*)
                0x00800092                        . = ALIGN (0x2)
 *fill*         0x00800091        0x1 
                0x00800092                        _edata = .
                0x00800092                        PROVIDE (__data_end = .)

.bss            0x00800092        0x0
                [!provide]                        PROVIDE (__bss_start = .)
 *(.bss)
 .bss           0x00800092        0x0 C:/avr8-gnu-toolchain-win32_x86_64/bin/../lib/gcc/avr/15.1.0/../../../../avr/lib/avr5/crtatmega32.o
 .bss           0x00800092        0x0 C:\Users\twitter\Desktop\ITI_Tasks\ITI_EmbeddedDiploma_Tasks\EmbeddedDriversCodingAssignment\release\HAL\7SegDriver\Seven_Seg_Program.c.o
 .bss           0x00800092        0x0 C:\Users\twitter\Desktop\ITI_Tasks\ITI_EmbeddedDiploma_Tasks\EmbeddedDriversCodingAssignment\release\HAL\KPD_3X3\KPD3x3_Program.c.o
 .bss           0x00800092        0x0 C:\Users\twitter\Desktop\ITI_Tasks\ITI_EmbeddedDiploma_Tasks\EmbeddedDriversCodingAssignment\release\HAL\KPD_4X4\KPD4x4_Program.c.o
 .bss           0x00800092        0x0 C:\Users\twitter\Desktop\ITI_Tasks\ITI_EmbeddedDiploma_Tasks\EmbeddedDriversCodingAssignment\release\HAL\LCD\LCD_Program.c.o
 .bss           0x00800092        0x0 C:\Users\twitter\Desktop\ITI_Tasks\ITI_EmbeddedDiploma_Tasks\EmbeddedDriversCodingAssignment\release\HAL\MotorDriver\MotorDriver_Program.c.o
 .bss           0x00800092        0x0 C:\Users\twitter\Desktop\ITI_Tasks\ITI_EmbeddedDiploma_Tasks\EmbeddedDriversCodingAssignment\release\main.c.o
 .bss           0x00800092        0x0 C:\Users\twitter\Desktop\ITI_Tasks\ITI_EmbeddedDiploma_Tasks\EmbeddedDriversCodingAssignment\release\MCAL\DIO\DIO_Program.c.o
 .bss           0x00800092        0x0 C:/avr8-gnu-toolchain-win32_x86_64/bin/../lib/gcc/avr/15.1.0/avr5\libgcc.a(_divmodsi4.o)
 .bss           0x00800092        0x0 C:/avr8-gnu-toolchain-win32_x86_64/bin/../lib/gcc/avr/15.1.0/avr5\libgcc.a(_negsi2.o)
 .bss           0x00800092        0x0 C:/avr8-gnu-toolchain-win32_x86_64/bin/../lib/gcc/avr/15.1.0/avr5\libgcc.a(_exit.o)
 .bss           0x00800092        0x0 C:/avr8-gnu-toolchain-win32_x86_64/bin/../lib/gcc/avr/15.1.0/avr5\libgcc.a(_copy_data.o)
 .bss           0x00800092        0x0 C:/avr8-gnu-toolchain-win32_x86_64/bin/../lib/gcc/avr/15.1.0/avr5\libgcc.a(_udivmodsi4.o)
 *(.bss*)
 *(COMMON)
                [!provide]                        PROVIDE (__bss_end = .)
                0x000009b6                        __data_load_start = LOADADDR (.data)
                0x000009e8                        __data_load_end = (__data_load_start + SIZEOF (.data))

.noinit         0x00800092        0x0
                [!provide]                        PROVIDE (__noinit_start = .)
 *(.noinit .noinit.* .gnu.linkonce.n.*)
                [!provide]                        PROVIDE (__noinit_end = .)
                0x00800092                        _end = .
                [!provide]                        PROVIDE (__heap_start = .)
                0x00000000                        __flmap_init_label = DEFINED (__flmap_noinit_start)?__flmap_noinit_start:0x0
                0x00000000                        __flmap = DEFINED (__flmap)?__flmap:0x0

.eeprom         0x00810000        0x0
 *(.eeprom*)
                0x00810000                        __eeprom_end = .

.fuse
 *(.fuse)
 *(.lfuse)
 *(.hfuse)
 *(.efuse)

.lock
 *(.lock*)

.signature
 *(.signature*)

.stab
 *(.stab)

.stabstr
 *(.stabstr)

.stab.excl
 *(.stab.excl)

.stab.exclstr
 *(.stab.exclstr)

.stab.index
 *(.stab.index)

.stab.indexstr
 *(.stab.indexstr)

.comment        0x00000000       0x2f
 *(.comment)
 .comment       0x00000000       0x2f C:\Users\twitter\Desktop\ITI_Tasks\ITI_EmbeddedDiploma_Tasks\EmbeddedDriversCodingAssignment\release\HAL\7SegDriver\Seven_Seg_Program.c.o
                                 0x30 (size before relaxing)
 .comment       0x0000002f       0x30 C:\Users\twitter\Desktop\ITI_Tasks\ITI_EmbeddedDiploma_Tasks\EmbeddedDriversCodingAssignment\release\HAL\KPD_3X3\KPD3x3_Program.c.o
 .comment       0x0000002f       0x30 C:\Users\twitter\Desktop\ITI_Tasks\ITI_EmbeddedDiploma_Tasks\EmbeddedDriversCodingAssignment\release\HAL\KPD_4X4\KPD4x4_Program.c.o
 .comment       0x0000002f       0x30 C:\Users\twitter\Desktop\ITI_Tasks\ITI_EmbeddedDiploma_Tasks\EmbeddedDriversCodingAssignment\release\HAL\LCD\LCD_Program.c.o
 .comment       0x0000002f       0x30 C:\Users\twitter\Desktop\ITI_Tasks\ITI_EmbeddedDiploma_Tasks\EmbeddedDriversCodingAssignment\release\HAL\MotorDriver\MotorDriver_Program.c.o
 .comment       0x0000002f       0x30 C:\Users\twitter\Desktop\ITI_Tasks\ITI_EmbeddedDiploma_Tasks\EmbeddedDriversCodingAssignment\release\main.c.o
 .comment       0x0000002f       0x30 C:\Users\twitter\Desktop\ITI_Tasks\ITI_EmbeddedDiploma_Tasks\EmbeddedDriversCodingAssignment\release\MCAL\DIO\DIO_Program.c.o

.note.gnu.avr.deviceinfo
                0x00000000       0x3c
 .note.gnu.avr.deviceinfo
                0x00000000       0x3c C:/avr8-gnu-toolchain-win32_x86_64/bin/../lib/gcc/avr/15.1.0/../../../../avr/lib/avr5/crtatmega32.o

.gnu.build.attributes
 *(.gnu.build.attributes .gnu.build.attributes.*)

.note.gnu.build-id
 *(.note.gnu.build-id)

.debug
 *(.debug)

.line
 *(.line)

.debug_srcinfo
 *(.debug_srcinfo)

.debug_sfnames
 *(.debug_sfnames)

.debug_aranges
 *(.debug_aranges)

.debug_pubnames
 *(.debug_pubnames)

.debug_info     0x00000000      0x4e6
 *(.debug_info .gnu.linkonce.wi.*)
 .debug_info    0x00000000      0x4e6 C:/avr8-gnu-toolchain-win32_x86_64/bin/../lib/gcc/avr/15.1.0/../../../../avr/lib/avr5/crtatmega32.o

.debug_abbrev   0x00000000      0x4a3
 *(.debug_abbrev)
 .debug_abbrev  0x00000000      0x4a3 C:/avr8-gnu-toolchain-win32_x86_64/bin/../lib/gcc/avr/15.1.0/../../../../avr/lib/avr5/crtatmega32.o

.debug_line     0x00000000       0x1d
 *(.debug_line .debug_line.* .debug_line_end)
 .debug_line    0x00000000       0x1d C:/avr8-gnu-toolchain-win32_x86_64/bin/../lib/gcc/avr/15.1.0/../../../../avr/lib/avr5/crtatmega32.o

.debug_frame
 *(.debug_frame)

.debug_str      0x00000000      0x196
 *(.debug_str)
 .debug_str     0x00000000      0x196 C:/avr8-gnu-toolchain-win32_x86_64/bin/../lib/gcc/avr/15.1.0/../../../../avr/lib/avr5/crtatmega32.o

.debug_loc
 *(.debug_loc)

.debug_macinfo
 *(.debug_macinfo)

.debug_weaknames
 *(.debug_weaknames)

.debug_funcnames
 *(.debug_funcnames)

.debug_typenames
 *(.debug_typenames)

.debug_varnames
 *(.debug_varnames)

.debug_pubtypes
 *(.debug_pubtypes)

.debug_ranges
 *(.debug_ranges)

.debug_addr
 *(.debug_addr)

.debug_line_str
 *(.debug_line_str)

.debug_loclists
 *(.debug_loclists)

.debug_macro
 *(.debug_macro)

.debug_names
 *(.debug_names)

.debug_rnglists
 *(.debug_rnglists)

.debug_str_offsets
 *(.debug_str_offsets)

.debug_sup
 *(.debug_sup)
OUTPUT(C:\Users\twitter\Desktop\ITI_Tasks\ITI_EmbeddedDiploma_Tasks\EmbeddedDriversCodingAssignment\release\firmware.elf elf32-avr)
LOAD linker stubs
