Archive member included to satisfy reference by file (symbol)

C:/avr-toolchain/avr8-gnu-toolchain-win32_x86_64/bin/../lib/gcc/avr/15.1.0/avr5\libgcc.a(_divmodsi4.o)
                              C:\Users\we\Desktop\ITI_Tasks\ITI_EmbeddedDiploma_Tasks\EmbeddedDriversCodingAssignment\release\HAL\LCD\LCD_Program.c.o (__divmodsi4)
C:/avr-toolchain/avr8-gnu-toolchain-win32_x86_64/bin/../lib/gcc/avr/15.1.0/avr5\libgcc.a(_negsi2.o)
                              C:/avr-toolchain/avr8-gnu-toolchain-win32_x86_64/bin/../lib/gcc/avr/15.1.0/avr5\libgcc.a(_divmodsi4.o) (__negsi2)
C:/avr-toolchain/avr8-gnu-toolchain-win32_x86_64/bin/../lib/gcc/avr/15.1.0/avr5\libgcc.a(_exit.o)
                              C:/avr-toolchain/avr8-gnu-toolchain-win32_x86_64/bin/../lib/gcc/avr/15.1.0/../../../../avr/lib/avr5/crtatmega32.o (exit)
C:/avr-toolchain/avr8-gnu-toolchain-win32_x86_64/bin/../lib/gcc/avr/15.1.0/avr5\libgcc.a(_copy_data.o)
                              C:\Users\we\Desktop\ITI_Tasks\ITI_EmbeddedDiploma_Tasks\EmbeddedDriversCodingAssignment\release\HAL\7SegDriver\Seven_Seg_Program.c.o (__do_copy_data)
C:/avr-toolchain/avr8-gnu-toolchain-win32_x86_64/bin/../lib/gcc/avr/15.1.0/avr5\libgcc.a(_clear_bss.o)
                              C:\Users\we\Desktop\ITI_Tasks\ITI_EmbeddedDiploma_Tasks\EmbeddedDriversCodingAssignment\release\MCAL\Timers\Timer_Program.c.o (__do_clear_bss)
C:/avr-toolchain/avr8-gnu-toolchain-win32_x86_64/bin/../lib/gcc/avr/15.1.0/avr5\libgcc.a(_udivmodsi4.o)
                              C:/avr-toolchain/avr8-gnu-toolchain-win32_x86_64/bin/../lib/gcc/avr/15.1.0/avr5\libgcc.a(_divmodsi4.o) (__udivmodsi4)
C:/avr-toolchain/avr8-gnu-toolchain-win32_x86_64/bin/../lib/gcc/avr/15.1.0/../../../../avr/lib/avr5\libm.a(floatsisf.o)
                              C:\Users\we\Desktop\ITI_Tasks\ITI_EmbeddedDiploma_Tasks\EmbeddedDriversCodingAssignment\release\main.c.o (__floatunsisf)
C:/avr-toolchain/avr8-gnu-toolchain-win32_x86_64/bin/../lib/gcc/avr/15.1.0/../../../../avr/lib/avr5\libm.a(gesf2.o)
                              C:\Users\we\Desktop\ITI_Tasks\ITI_EmbeddedDiploma_Tasks\EmbeddedDriversCodingAssignment\release\main.c.o (__gesf2)
C:/avr-toolchain/avr8-gnu-toolchain-win32_x86_64/bin/../lib/gcc/avr/15.1.0/../../../../avr/lib/avr5\libm.a(mulsf3.o)
                              C:\Users\we\Desktop\ITI_Tasks\ITI_EmbeddedDiploma_Tasks\EmbeddedDriversCodingAssignment\release\main.c.o (__mulsf3)
C:/avr-toolchain/avr8-gnu-toolchain-win32_x86_64/bin/../lib/gcc/avr/15.1.0/../../../../avr/lib/avr5\libm.a(mulsf3x.o)
                              C:/avr-toolchain/avr8-gnu-toolchain-win32_x86_64/bin/../lib/gcc/avr/15.1.0/../../../../avr/lib/avr5\libm.a(mulsf3.o) (__mulsf3x)
C:/avr-toolchain/avr8-gnu-toolchain-win32_x86_64/bin/../lib/gcc/avr/15.1.0/../../../../avr/lib/avr5\libm.a(fp_cmp.o)
                              C:/avr-toolchain/avr8-gnu-toolchain-win32_x86_64/bin/../lib/gcc/avr/15.1.0/../../../../avr/lib/avr5\libm.a(gesf2.o) (__fp_cmp)
C:/avr-toolchain/avr8-gnu-toolchain-win32_x86_64/bin/../lib/gcc/avr/15.1.0/../../../../avr/lib/avr5\libm.a(fp_inf.o)
                              C:/avr-toolchain/avr8-gnu-toolchain-win32_x86_64/bin/../lib/gcc/avr/15.1.0/../../../../avr/lib/avr5\libm.a(mulsf3x.o) (__fp_inf)
C:/avr-toolchain/avr8-gnu-toolchain-win32_x86_64/bin/../lib/gcc/avr/15.1.0/../../../../avr/lib/avr5\libm.a(fp_nan.o)
                              C:/avr-toolchain/avr8-gnu-toolchain-win32_x86_64/bin/../lib/gcc/avr/15.1.0/../../../../avr/lib/avr5\libm.a(mulsf3x.o) (__fp_nan)
C:/avr-toolchain/avr8-gnu-toolchain-win32_x86_64/bin/../lib/gcc/avr/15.1.0/../../../../avr/lib/avr5\libm.a(fp_pscA.o)
                              C:/avr-toolchain/avr8-gnu-toolchain-win32_x86_64/bin/../lib/gcc/avr/15.1.0/../../../../avr/lib/avr5\libm.a(mulsf3x.o) (__fp_pscA)
C:/avr-toolchain/avr8-gnu-toolchain-win32_x86_64/bin/../lib/gcc/avr/15.1.0/../../../../avr/lib/avr5\libm.a(fp_pscB.o)
                              C:/avr-toolchain/avr8-gnu-toolchain-win32_x86_64/bin/../lib/gcc/avr/15.1.0/../../../../avr/lib/avr5\libm.a(mulsf3x.o) (__fp_pscB)
C:/avr-toolchain/avr8-gnu-toolchain-win32_x86_64/bin/../lib/gcc/avr/15.1.0/../../../../avr/lib/avr5\libm.a(fp_round.o)
                              C:/avr-toolchain/avr8-gnu-toolchain-win32_x86_64/bin/../lib/gcc/avr/15.1.0/../../../../avr/lib/avr5\libm.a(mulsf3.o) (__fp_round)
C:/avr-toolchain/avr8-gnu-toolchain-win32_x86_64/bin/../lib/gcc/avr/15.1.0/../../../../avr/lib/avr5\libm.a(fp_split3.o)
                              C:/avr-toolchain/avr8-gnu-toolchain-win32_x86_64/bin/../lib/gcc/avr/15.1.0/../../../../avr/lib/avr5\libm.a(mulsf3x.o) (__fp_split3)
C:/avr-toolchain/avr8-gnu-toolchain-win32_x86_64/bin/../lib/gcc/avr/15.1.0/../../../../avr/lib/avr5\libm.a(fp_zero.o)
                              C:/avr-toolchain/avr8-gnu-toolchain-win32_x86_64/bin/../lib/gcc/avr/15.1.0/../../../../avr/lib/avr5\libm.a(mulsf3x.o) (__fp_szero)

There are no discarded input sections

Memory Configuration

Name             Origin             Length             Attributes
text             0x00000000         0x00008000         xr
data             0x00800060         0x00000800         rw!x
eeprom           0x00810000         0x00000400         rw!x
fuse             0x00820000         0x00000002         rw!x
lock             0x00830000         0x00000400         rw!x
signature        0x00840000         0x00000400         rw!x
user_signatures  0x00850000         0x00000400         rw!x
*default*        0x00000000         0xffffffff

Linker script and memory map

LOAD C:/avr-toolchain/avr8-gnu-toolchain-win32_x86_64/bin/../lib/gcc/avr/15.1.0/../../../../avr/lib/avr5/crtatmega32.o
LOAD C:\Users\we\Desktop\ITI_Tasks\ITI_EmbeddedDiploma_Tasks\EmbeddedDriversCodingAssignment\release\HAL\7SegDriver\Seven_Seg_Program.c.o
LOAD C:\Users\we\Desktop\ITI_Tasks\ITI_EmbeddedDiploma_Tasks\EmbeddedDriversCodingAssignment\release\HAL\KPD_3X3\KPD3x3_Program.c.o
LOAD C:\Users\we\Desktop\ITI_Tasks\ITI_EmbeddedDiploma_Tasks\EmbeddedDriversCodingAssignment\release\HAL\LCD\LCD_Program.c.o
LOAD C:\Users\we\Desktop\ITI_Tasks\ITI_EmbeddedDiploma_Tasks\EmbeddedDriversCodingAssignment\release\HAL\MotorDriver\MotorDriver_Program.c.o
LOAD C:\Users\we\Desktop\ITI_Tasks\ITI_EmbeddedDiploma_Tasks\EmbeddedDriversCodingAssignment\release\main.c.o
LOAD C:\Users\we\Desktop\ITI_Tasks\ITI_EmbeddedDiploma_Tasks\EmbeddedDriversCodingAssignment\release\MCAL\ADC\ADC_Program.c.o
LOAD C:\Users\we\Desktop\ITI_Tasks\ITI_EmbeddedDiploma_Tasks\EmbeddedDriversCodingAssignment\release\MCAL\DIO\DIO_Program.c.o
LOAD C:\Users\we\Desktop\ITI_Tasks\ITI_EmbeddedDiploma_Tasks\EmbeddedDriversCodingAssignment\release\MCAL\Timers\Timer_Program.c.o
START GROUP
LOAD C:/avr-toolchain/avr8-gnu-toolchain-win32_x86_64/bin/../lib/gcc/avr/15.1.0/avr5\libgcc.a
LOAD C:/avr-toolchain/avr8-gnu-toolchain-win32_x86_64/bin/../lib/gcc/avr/15.1.0/../../../../avr/lib/avr5\libm.a
LOAD C:/avr-toolchain/avr8-gnu-toolchain-win32_x86_64/bin/../lib/gcc/avr/15.1.0/../../../../avr/lib/avr5\libc.a
LOAD C:/avr-toolchain/avr8-gnu-toolchain-win32_x86_64/bin/../lib/gcc/avr/15.1.0/../../../../avr/lib/avr5\libatmega32.a
END GROUP
                [0x00000000]                      __TEXT_REGION_ORIGIN__ = DEFINED (__TEXT_REGION_ORIGIN__)?__TEXT_REGION_ORIGIN__:0x0
                [0x00008000]                      __TEXT_REGION_LENGTH__ = DEFINED (__TEXT_REGION_LENGTH__)?__TEXT_REGION_LENGTH__:0x20000
                [0x00800060]                      __DATA_REGION_ORIGIN__ = DEFINED (__DATA_REGION_ORIGIN__)?__DATA_REGION_ORIGIN__:0x800060
                [0x00000800]                      __DATA_REGION_LENGTH__ = DEFINED (__DATA_REGION_LENGTH__)?__DATA_REGION_LENGTH__:0xffa0
                [0x00000400]                      __EEPROM_REGION_LENGTH__ = DEFINED (__EEPROM_REGION_LENGTH__)?__EEPROM_REGION_LENGTH__:0x10000
                [0x00000002]                      __FUSE_REGION_LENGTH__ = DEFINED (__FUSE_REGION_LENGTH__)?__FUSE_REGION_LENGTH__:0x400
                0x00000400                        __LOCK_REGION_LENGTH__ = DEFINED (__LOCK_REGION_LENGTH__)?__LOCK_REGION_LENGTH__:0x400
                0x00000400                        __SIGNATURE_REGION_LENGTH__ = DEFINED (__SIGNATURE_REGION_LENGTH__)?__SIGNATURE_REGION_LENGTH__:0x400
                0x00000400                        __USER_SIGNATURE_REGION_LENGTH__ = DEFINED (__USER_SIGNATURE_REGION_LENGTH__)?__USER_SIGNATURE_REGION_LENGTH__:0x400

.hash
 *(.hash)

.dynsym
 *(.dynsym)

.dynstr
 *(.dynstr)

.gnu.version
 *(.gnu.version)

.gnu.version_d
 *(.gnu.version_d)

.gnu.version_r
 *(.gnu.version_r)

.rel.init
 *(.rel.init)

.rela.init
 *(.rela.init)

.rel.text
 *(.rel.text)
 *(.rel.text.*)
 *(.rel.gnu.linkonce.t*)

.rela.text
 *(.rela.text)
 *(.rela.text.*)
 *(.rela.gnu.linkonce.t*)

.rel.fini
 *(.rel.fini)

.rela.fini
 *(.rela.fini)

.rel.rodata
 *(.rel.rodata)
 *(.rel.rodata.*)
 *(.rel.gnu.linkonce.r*)

.rela.rodata
 *(.rela.rodata)
 *(.rela.rodata.*)
 *(.rela.gnu.linkonce.r*)

.rel.data
 *(.rel.data)
 *(.rel.data.*)
 *(.rel.gnu.linkonce.d*)

.rela.data
 *(.rela.data)
 *(.rela.data.*)
 *(.rela.gnu.linkonce.d*)

.rel.ctors
 *(.rel.ctors)

.rela.ctors
 *(.rela.ctors)

.rel.dtors
 *(.rel.dtors)

.rela.dtors
 *(.rela.dtors)

.rel.got
 *(.rel.got)

.rela.got
 *(.rela.got)

.rel.bss
 *(.rel.bss)

.rela.bss
 *(.rela.bss)

.rel.plt
 *(.rel.plt)

.rela.plt
 *(.rela.plt)

.text           0x00000000      0xc14
 *(.vectors)
 .vectors       0x00000000       0x54 C:/avr-toolchain/avr8-gnu-toolchain-win32_x86_64/bin/../lib/gcc/avr/15.1.0/../../../../avr/lib/avr5/crtatmega32.o
                0x00000000                __vector_default
                0x00000000                __vectors
 *(.vectors)
 *(.progmem.gcc*)
                0x00000054                        . = ALIGN (0x2)
                0x00000054                        __trampolines_start = .
 *(.trampolines)
 .trampolines   0x00000054        0x0 linker stubs
 *(.trampolines*)
                0x00000054                        __trampolines_end = .
 *libprintf_flt.a:*(.progmem.data)
 *libc.a:*(.progmem.data)
 *(.progmem.*)
                0x00000054                        . = ALIGN (0x2)
 *(.lowtext)
 *(.lowtext*)
                0x00000054                        __ctors_start = .
 *(.ctors)
                0x00000054                        __ctors_end = .
                0x00000054                        __dtors_start = .
 *(.dtors)
                0x00000054                        __dtors_end = .
 SORT_BY_NAME(*)(.ctors)
 SORT_BY_NAME(*)(.dtors)
 *(.init0)
 .init0         0x00000054        0x0 C:/avr-toolchain/avr8-gnu-toolchain-win32_x86_64/bin/../lib/gcc/avr/15.1.0/../../../../avr/lib/avr5/crtatmega32.o
                0x00000054                __init
 *(.init0)
 *(.init1)
 *(.init1)
 *(.init2)
 .init2         0x00000054        0xc C:/avr-toolchain/avr8-gnu-toolchain-win32_x86_64/bin/../lib/gcc/avr/15.1.0/../../../../avr/lib/avr5/crtatmega32.o
 *(.init2)
 *(.init3)
 *(.init3)
 *(.init4)
 .init4         0x00000060       0x16 C:/avr-toolchain/avr8-gnu-toolchain-win32_x86_64/bin/../lib/gcc/avr/15.1.0/avr5\libgcc.a(_copy_data.o)
                0x00000060                __do_copy_data
 .init4         0x00000076       0x10 C:/avr-toolchain/avr8-gnu-toolchain-win32_x86_64/bin/../lib/gcc/avr/15.1.0/avr5\libgcc.a(_clear_bss.o)
                0x00000076                __do_clear_bss
 *(.init4)
 *(.init5)
 *(.init5)
 *(.init6)
 *(.init6)
 *(.init7)
 *(.init7)
 *(.init8)
 *(.init8)
 *(.init9)
 .init9         0x00000086        0x8 C:/avr-toolchain/avr8-gnu-toolchain-win32_x86_64/bin/../lib/gcc/avr/15.1.0/../../../../avr/lib/avr5/crtatmega32.o
 *(.init9)
 *(.text)
 .text          0x0000008e        0x4 C:/avr-toolchain/avr8-gnu-toolchain-win32_x86_64/bin/../lib/gcc/avr/15.1.0/../../../../avr/lib/avr5/crtatmega32.o
                0x0000008e                __vector_1
                0x0000008e                __vector_12
                0x0000008e                __bad_interrupt
                0x0000008e                __vector_6
                0x0000008e                __vector_3
                0x0000008e                __vector_13
                0x0000008e                __vector_17
                0x0000008e                __vector_19
                0x0000008e                __vector_7
                0x0000008e                __vector_5
                0x0000008e                __vector_4
                0x0000008e                __vector_9
                0x0000008e                __vector_2
                0x0000008e                __vector_15
                0x0000008e                __vector_8
                0x0000008e                __vector_14
                0x0000008e                __vector_10
                0x0000008e                __vector_16
                0x0000008e                __vector_18
                0x0000008e                __vector_20
 .text          0x00000092       0x3c C:\Users\we\Desktop\ITI_Tasks\ITI_EmbeddedDiploma_Tasks\EmbeddedDriversCodingAssignment\release\HAL\7SegDriver\Seven_Seg_Program.c.o
                0x00000092                SSD_voidInitialDataPort
                0x000000a4                SSD_voidSendNumber
                0x000000ba                SSD_voidEnable
                0x000000c4                SSD_voidDisable
 .text          0x000000ce      0x17a C:\Users\we\Desktop\ITI_Tasks\ITI_EmbeddedDiploma_Tasks\EmbeddedDriversCodingAssignment\release\HAL\KPD_3X3\KPD3x3_Program.c.o
                0x000000ce                KPD3x3_voidInit
                0x0000011c                KPD3x3_u8GetKey
 .text          0x00000248      0x340 C:\Users\we\Desktop\ITI_Tasks\ITI_EmbeddedDiploma_Tasks\EmbeddedDriversCodingAssignment\release\HAL\LCD\LCD_Program.c.o
                0x00000248                LCD_voidSendData
                0x0000029a                LCD_voidSendCommand
                0x000002ec                LCD_voidInit
                0x00000394                LCD_voidSendString
                0x000003b6                LCD_voidSendNumber
                0x000004ca                LCD_voidSetPosition
                0x000004e2                LCD_voidClearDisplay
                0x000004e8                LCD_voidReturnHome
                0x000004ee                LCD_voidSendSpecialCharecter
 .text          0x00000588        0x0 C:\Users\we\Desktop\ITI_Tasks\ITI_EmbeddedDiploma_Tasks\EmbeddedDriversCodingAssignment\release\HAL\MotorDriver\MotorDriver_Program.c.o
 .text          0x00000588        0x0 C:\Users\we\Desktop\ITI_Tasks\ITI_EmbeddedDiploma_Tasks\EmbeddedDriversCodingAssignment\release\main.c.o
 .text          0x00000588       0x7c C:\Users\we\Desktop\ITI_Tasks\ITI_EmbeddedDiploma_Tasks\EmbeddedDriversCodingAssignment\release\MCAL\ADC\ADC_Program.c.o
                0x00000588                ADC_voidInit
                0x000005a0                ADC_voidEnable
                0x000005a4                ADC_voidDisable
                0x000005a8                ADC_u8ConvertSynch
                0x00000600                ADC_u8ConvertASynch
                0x00000602                SET_CallBack
 .text          0x00000604      0x1be C:\Users\we\Desktop\ITI_Tasks\ITI_EmbeddedDiploma_Tasks\EmbeddedDriversCodingAssignment\release\MCAL\DIO\DIO_Program.c.o
                0x00000604                DIO_voidSetPinValue
                0x00000690                DIO_voidSetPinDirection
                0x0000071c                DIO_voidGetPinValue
                0x00000752                DIO_voidSetPortValue
                0x00000772                DIO_voidSetPortDirection
                0x00000792                DIO_voidGetPortValue
 .text          0x000007c2       0x68 C:\Users\we\Desktop\ITI_Tasks\ITI_EmbeddedDiploma_Tasks\EmbeddedDriversCodingAssignment\release\MCAL\Timers\Timer_Program.c.o
                0x000007c2                Timer0_u8Init
                0x000007da                Timer0_u8_my_delay_ms
                0x000007f2                Timer0_u8SetCompareValue
                0x000007f8                Timer0_voidSet_OVE_CallBack
                0x000007fa                __vector_11
 .text          0x0000082a        0x0 C:/avr-toolchain/avr8-gnu-toolchain-win32_x86_64/bin/../lib/gcc/avr/15.1.0/avr5\libgcc.a(_divmodsi4.o)
 .text          0x0000082a        0x0 C:/avr-toolchain/avr8-gnu-toolchain-win32_x86_64/bin/../lib/gcc/avr/15.1.0/avr5\libgcc.a(_negsi2.o)
 .text          0x0000082a        0x0 C:/avr-toolchain/avr8-gnu-toolchain-win32_x86_64/bin/../lib/gcc/avr/15.1.0/avr5\libgcc.a(_exit.o)
 .text          0x0000082a        0x0 C:/avr-toolchain/avr8-gnu-toolchain-win32_x86_64/bin/../lib/gcc/avr/15.1.0/avr5\libgcc.a(_copy_data.o)
 .text          0x0000082a        0x0 C:/avr-toolchain/avr8-gnu-toolchain-win32_x86_64/bin/../lib/gcc/avr/15.1.0/avr5\libgcc.a(_clear_bss.o)
 .text          0x0000082a        0x0 C:/avr-toolchain/avr8-gnu-toolchain-win32_x86_64/bin/../lib/gcc/avr/15.1.0/avr5\libgcc.a(_udivmodsi4.o)
 .text          0x0000082a        0x0 C:/avr-toolchain/avr8-gnu-toolchain-win32_x86_64/bin/../lib/gcc/avr/15.1.0/../../../../avr/lib/avr5\libm.a(floatsisf.o)
 .text          0x0000082a        0x0 C:/avr-toolchain/avr8-gnu-toolchain-win32_x86_64/bin/../lib/gcc/avr/15.1.0/../../../../avr/lib/avr5\libm.a(gesf2.o)
 .text          0x0000082a        0x0 C:/avr-toolchain/avr8-gnu-toolchain-win32_x86_64/bin/../lib/gcc/avr/15.1.0/../../../../avr/lib/avr5\libm.a(mulsf3.o)
 .text          0x0000082a        0x0 C:/avr-toolchain/avr8-gnu-toolchain-win32_x86_64/bin/../lib/gcc/avr/15.1.0/../../../../avr/lib/avr5\libm.a(mulsf3x.o)
 .text          0x0000082a        0x0 C:/avr-toolchain/avr8-gnu-toolchain-win32_x86_64/bin/../lib/gcc/avr/15.1.0/../../../../avr/lib/avr5\libm.a(fp_cmp.o)
 .text          0x0000082a        0x0 C:/avr-toolchain/avr8-gnu-toolchain-win32_x86_64/bin/../lib/gcc/avr/15.1.0/../../../../avr/lib/avr5\libm.a(fp_inf.o)
 .text          0x0000082a        0x0 C:/avr-toolchain/avr8-gnu-toolchain-win32_x86_64/bin/../lib/gcc/avr/15.1.0/../../../../avr/lib/avr5\libm.a(fp_nan.o)
 .text          0x0000082a        0x0 C:/avr-toolchain/avr8-gnu-toolchain-win32_x86_64/bin/../lib/gcc/avr/15.1.0/../../../../avr/lib/avr5\libm.a(fp_pscA.o)
 .text          0x0000082a        0x0 C:/avr-toolchain/avr8-gnu-toolchain-win32_x86_64/bin/../lib/gcc/avr/15.1.0/../../../../avr/lib/avr5\libm.a(fp_pscB.o)
 .text          0x0000082a        0x0 C:/avr-toolchain/avr8-gnu-toolchain-win32_x86_64/bin/../lib/gcc/avr/15.1.0/../../../../avr/lib/avr5\libm.a(fp_round.o)
 .text          0x0000082a        0x0 C:/avr-toolchain/avr8-gnu-toolchain-win32_x86_64/bin/../lib/gcc/avr/15.1.0/../../../../avr/lib/avr5\libm.a(fp_split3.o)
 .text          0x0000082a        0x0 C:/avr-toolchain/avr8-gnu-toolchain-win32_x86_64/bin/../lib/gcc/avr/15.1.0/../../../../avr/lib/avr5\libm.a(fp_zero.o)
                0x0000082a                        . = ALIGN (0x2)
 *(.text.*)
 .text.startup  0x0000082a      0x11c C:\Users\we\Desktop\ITI_Tasks\ITI_EmbeddedDiploma_Tasks\EmbeddedDriversCodingAssignment\release\main.c.o
                0x0000082a                main
 .text.libgcc.mul
                0x00000946        0x0 C:/avr-toolchain/avr8-gnu-toolchain-win32_x86_64/bin/../lib/gcc/avr/15.1.0/avr5\libgcc.a(_divmodsi4.o)
 .text.libgcc.div
                0x00000946       0x2e C:/avr-toolchain/avr8-gnu-toolchain-win32_x86_64/bin/../lib/gcc/avr/15.1.0/avr5\libgcc.a(_divmodsi4.o)
                0x00000946                __divmodsi4
 .text.libgcc   0x00000974        0x0 C:/avr-toolchain/avr8-gnu-toolchain-win32_x86_64/bin/../lib/gcc/avr/15.1.0/avr5\libgcc.a(_divmodsi4.o)
 .text.libgcc.prologue
                0x00000974        0x0 C:/avr-toolchain/avr8-gnu-toolchain-win32_x86_64/bin/../lib/gcc/avr/15.1.0/avr5\libgcc.a(_divmodsi4.o)
 .text.libgcc.builtins
                0x00000974        0x0 C:/avr-toolchain/avr8-gnu-toolchain-win32_x86_64/bin/../lib/gcc/avr/15.1.0/avr5\libgcc.a(_divmodsi4.o)
 .text.libgcc.fmul
                0x00000974        0x0 C:/avr-toolchain/avr8-gnu-toolchain-win32_x86_64/bin/../lib/gcc/avr/15.1.0/avr5\libgcc.a(_divmodsi4.o)
 .text.libgcc.fixed
                0x00000974        0x0 C:/avr-toolchain/avr8-gnu-toolchain-win32_x86_64/bin/../lib/gcc/avr/15.1.0/avr5\libgcc.a(_divmodsi4.o)
 .text.libgcc.mul
                0x00000974        0x0 C:/avr-toolchain/avr8-gnu-toolchain-win32_x86_64/bin/../lib/gcc/avr/15.1.0/avr5\libgcc.a(_negsi2.o)
 .text.libgcc.div
                0x00000974       0x10 C:/avr-toolchain/avr8-gnu-toolchain-win32_x86_64/bin/../lib/gcc/avr/15.1.0/avr5\libgcc.a(_negsi2.o)
                0x00000974                __negsi2
 .text.libgcc   0x00000984        0x0 C:/avr-toolchain/avr8-gnu-toolchain-win32_x86_64/bin/../lib/gcc/avr/15.1.0/avr5\libgcc.a(_negsi2.o)
 .text.libgcc.prologue
                0x00000984        0x0 C:/avr-toolchain/avr8-gnu-toolchain-win32_x86_64/bin/../lib/gcc/avr/15.1.0/avr5\libgcc.a(_negsi2.o)
 .text.libgcc.builtins
                0x00000984        0x0 C:/avr-toolchain/avr8-gnu-toolchain-win32_x86_64/bin/../lib/gcc/avr/15.1.0/avr5\libgcc.a(_negsi2.o)
 .text.libgcc.fmul
                0x00000984        0x0 C:/avr-toolchain/avr8-gnu-toolchain-win32_x86_64/bin/../lib/gcc/avr/15.1.0/avr5\libgcc.a(_negsi2.o)
 .text.libgcc.fixed
                0x00000984        0x0 C:/avr-toolchain/avr8-gnu-toolchain-win32_x86_64/bin/../lib/gcc/avr/15.1.0/avr5\libgcc.a(_negsi2.o)
 .text.libgcc.mul
                0x00000984        0x0 C:/avr-toolchain/avr8-gnu-toolchain-win32_x86_64/bin/../lib/gcc/avr/15.1.0/avr5\libgcc.a(_exit.o)
 .text.libgcc.div
                0x00000984        0x0 C:/avr-toolchain/avr8-gnu-toolchain-win32_x86_64/bin/../lib/gcc/avr/15.1.0/avr5\libgcc.a(_exit.o)
 .text.libgcc   0x00000984        0x0 C:/avr-toolchain/avr8-gnu-toolchain-win32_x86_64/bin/../lib/gcc/avr/15.1.0/avr5\libgcc.a(_exit.o)
 .text.libgcc.prologue
                0x00000984        0x0 C:/avr-toolchain/avr8-gnu-toolchain-win32_x86_64/bin/../lib/gcc/avr/15.1.0/avr5\libgcc.a(_exit.o)
 .text.libgcc.builtins
                0x00000984        0x0 C:/avr-toolchain/avr8-gnu-toolchain-win32_x86_64/bin/../lib/gcc/avr/15.1.0/avr5\libgcc.a(_exit.o)
 .text.libgcc.fmul
                0x00000984        0x0 C:/avr-toolchain/avr8-gnu-toolchain-win32_x86_64/bin/../lib/gcc/avr/15.1.0/avr5\libgcc.a(_exit.o)
 .text.libgcc.fixed
                0x00000984        0x0 C:/avr-toolchain/avr8-gnu-toolchain-win32_x86_64/bin/../lib/gcc/avr/15.1.0/avr5\libgcc.a(_exit.o)
 .text.libgcc.mul
                0x00000984        0x0 C:/avr-toolchain/avr8-gnu-toolchain-win32_x86_64/bin/../lib/gcc/avr/15.1.0/avr5\libgcc.a(_copy_data.o)
 .text.libgcc.div
                0x00000984        0x0 C:/avr-toolchain/avr8-gnu-toolchain-win32_x86_64/bin/../lib/gcc/avr/15.1.0/avr5\libgcc.a(_copy_data.o)
 .text.libgcc   0x00000984        0x0 C:/avr-toolchain/avr8-gnu-toolchain-win32_x86_64/bin/../lib/gcc/avr/15.1.0/avr5\libgcc.a(_copy_data.o)
 .text.libgcc.prologue
                0x00000984        0x0 C:/avr-toolchain/avr8-gnu-toolchain-win32_x86_64/bin/../lib/gcc/avr/15.1.0/avr5\libgcc.a(_copy_data.o)
 .text.libgcc.builtins
                0x00000984        0x0 C:/avr-toolchain/avr8-gnu-toolchain-win32_x86_64/bin/../lib/gcc/avr/15.1.0/avr5\libgcc.a(_copy_data.o)
 .text.libgcc.fmul
                0x00000984        0x0 C:/avr-toolchain/avr8-gnu-toolchain-win32_x86_64/bin/../lib/gcc/avr/15.1.0/avr5\libgcc.a(_copy_data.o)
 .text.libgcc.fixed
                0x00000984        0x0 C:/avr-toolchain/avr8-gnu-toolchain-win32_x86_64/bin/../lib/gcc/avr/15.1.0/avr5\libgcc.a(_copy_data.o)
 .text.libgcc.mul
                0x00000984        0x0 C:/avr-toolchain/avr8-gnu-toolchain-win32_x86_64/bin/../lib/gcc/avr/15.1.0/avr5\libgcc.a(_clear_bss.o)
 .text.libgcc.div
                0x00000984        0x0 C:/avr-toolchain/avr8-gnu-toolchain-win32_x86_64/bin/../lib/gcc/avr/15.1.0/avr5\libgcc.a(_clear_bss.o)
 .text.libgcc   0x00000984        0x0 C:/avr-toolchain/avr8-gnu-toolchain-win32_x86_64/bin/../lib/gcc/avr/15.1.0/avr5\libgcc.a(_clear_bss.o)
 .text.libgcc.prologue
                0x00000984        0x0 C:/avr-toolchain/avr8-gnu-toolchain-win32_x86_64/bin/../lib/gcc/avr/15.1.0/avr5\libgcc.a(_clear_bss.o)
 .text.libgcc.builtins
                0x00000984        0x0 C:/avr-toolchain/avr8-gnu-toolchain-win32_x86_64/bin/../lib/gcc/avr/15.1.0/avr5\libgcc.a(_clear_bss.o)
 .text.libgcc.fmul
                0x00000984        0x0 C:/avr-toolchain/avr8-gnu-toolchain-win32_x86_64/bin/../lib/gcc/avr/15.1.0/avr5\libgcc.a(_clear_bss.o)
 .text.libgcc.fixed
                0x00000984        0x0 C:/avr-toolchain/avr8-gnu-toolchain-win32_x86_64/bin/../lib/gcc/avr/15.1.0/avr5\libgcc.a(_clear_bss.o)
 .text.libgcc.mul
                0x00000984        0x0 C:/avr-toolchain/avr8-gnu-toolchain-win32_x86_64/bin/../lib/gcc/avr/15.1.0/avr5\libgcc.a(_udivmodsi4.o)
 .text.libgcc.div
                0x00000984       0x44 C:/avr-toolchain/avr8-gnu-toolchain-win32_x86_64/bin/../lib/gcc/avr/15.1.0/avr5\libgcc.a(_udivmodsi4.o)
                0x00000984                __udivmodsi4
 .text.libgcc   0x000009c8        0x0 C:/avr-toolchain/avr8-gnu-toolchain-win32_x86_64/bin/../lib/gcc/avr/15.1.0/avr5\libgcc.a(_udivmodsi4.o)
 .text.libgcc.prologue
                0x000009c8        0x0 C:/avr-toolchain/avr8-gnu-toolchain-win32_x86_64/bin/../lib/gcc/avr/15.1.0/avr5\libgcc.a(_udivmodsi4.o)
 .text.libgcc.builtins
                0x000009c8        0x0 C:/avr-toolchain/avr8-gnu-toolchain-win32_x86_64/bin/../lib/gcc/avr/15.1.0/avr5\libgcc.a(_udivmodsi4.o)
 .text.libgcc.fmul
                0x000009c8        0x0 C:/avr-toolchain/avr8-gnu-toolchain-win32_x86_64/bin/../lib/gcc/avr/15.1.0/avr5\libgcc.a(_udivmodsi4.o)
 .text.libgcc.fixed
                0x000009c8        0x0 C:/avr-toolchain/avr8-gnu-toolchain-win32_x86_64/bin/../lib/gcc/avr/15.1.0/avr5\libgcc.a(_udivmodsi4.o)
 .text.avr-libc.fplib
                0x000009c8       0x7a C:/avr-toolchain/avr8-gnu-toolchain-win32_x86_64/bin/../lib/gcc/avr/15.1.0/../../../../avr/lib/avr5\libm.a(floatsisf.o)
                0x000009c8                __floatunsisf
                0x000009cc                __floatsisf
 .text.avr-libc.fplib
                0x00000a42        0xa C:/avr-toolchain/avr8-gnu-toolchain-win32_x86_64/bin/../lib/gcc/avr/15.1.0/../../../../avr/lib/avr5\libm.a(gesf2.o)
                0x00000a42                __gesf2
                0x00000a42                __gtsf2
 .text.avr-libc.fplib
                0x00000a4c        0x8 C:/avr-toolchain/avr8-gnu-toolchain-win32_x86_64/bin/../lib/gcc/avr/15.1.0/../../../../avr/lib/avr5\libm.a(mulsf3.o)
                0x00000a4c                __mulsf3
 .text.avr-libc.fplib
                0x00000a54       0xd2 C:/avr-toolchain/avr8-gnu-toolchain-win32_x86_64/bin/../lib/gcc/avr/15.1.0/../../../../avr/lib/avr5\libm.a(mulsf3x.o)
                0x00000a72                __mulsf3x
                0x00000a78                __mulsf3_pse
 .text.avr-libc.fplib
                0x00000b26       0x48 C:/avr-toolchain/avr8-gnu-toolchain-win32_x86_64/bin/../lib/gcc/avr/15.1.0/../../../../avr/lib/avr5\libm.a(fp_cmp.o)
                0x00000b26                __fp_cmp
 .text.avr-libc.fplib
                0x00000b6e        0xc C:/avr-toolchain/avr8-gnu-toolchain-win32_x86_64/bin/../lib/gcc/avr/15.1.0/../../../../avr/lib/avr5\libm.a(fp_inf.o)
                0x00000b6e                __fp_inf
 .text.avr-libc.fplib
                0x00000b7a        0x6 C:/avr-toolchain/avr8-gnu-toolchain-win32_x86_64/bin/../lib/gcc/avr/15.1.0/../../../../avr/lib/avr5\libm.a(fp_nan.o)
                0x00000b7a                __fp_nan
 .text.avr-libc.fplib
                0x00000b80        0xe C:/avr-toolchain/avr8-gnu-toolchain-win32_x86_64/bin/../lib/gcc/avr/15.1.0/../../../../avr/lib/avr5\libm.a(fp_pscA.o)
                0x00000b80                __fp_pscA
 .text.avr-libc.fplib
                0x00000b8e        0xe C:/avr-toolchain/avr8-gnu-toolchain-win32_x86_64/bin/../lib/gcc/avr/15.1.0/../../../../avr/lib/avr5\libm.a(fp_pscB.o)
                0x00000b8e                __fp_pscB
 .text.avr-libc.fplib
                0x00000b9c       0x22 C:/avr-toolchain/avr8-gnu-toolchain-win32_x86_64/bin/../lib/gcc/avr/15.1.0/../../../../avr/lib/avr5\libm.a(fp_round.o)
                0x00000b9c                __fp_round
 .text.avr-libc.fplib
                0x00000bbe       0x44 C:/avr-toolchain/avr8-gnu-toolchain-win32_x86_64/bin/../lib/gcc/avr/15.1.0/../../../../avr/lib/avr5\libm.a(fp_split3.o)
                0x00000bbe                __fp_split3
                0x00000bce                __fp_splitA
 .text.avr-libc.fplib
                0x00000c02        0xe C:/avr-toolchain/avr8-gnu-toolchain-win32_x86_64/bin/../lib/gcc/avr/15.1.0/../../../../avr/lib/avr5\libm.a(fp_zero.o)
                0x00000c02                __fp_zero
                0x00000c04                __fp_szero
                0x00000c10                        . = ALIGN (0x2)
 *(.fini9)
 .fini9         0x00000c10        0x0 C:/avr-toolchain/avr8-gnu-toolchain-win32_x86_64/bin/../lib/gcc/avr/15.1.0/avr5\libgcc.a(_exit.o)
                0x00000c10                _exit
                0x00000c10                exit
 *(.fini9)
 *(.fini8)
 *(.fini8)
 *(.fini7)
 *(.fini7)
 *(.fini6)
 *(.fini6)
 *(.fini5)
 *(.fini5)
 *(.fini4)
 *(.fini4)
 *(.fini3)
 *(.fini3)
 *(.fini2)
 *(.fini2)
 *(.fini1)
 *(.fini1)
 *(.fini0)
 .fini0         0x00000c10        0x4 C:/avr-toolchain/avr8-gnu-toolchain-win32_x86_64/bin/../lib/gcc/avr/15.1.0/avr5\libgcc.a(_exit.o)
 *(.fini0)
 *(.hightext)
 *(.hightext*)
 *(.progmemx.*)
                0x00000c14                        . = ALIGN (0x2)
 *(.jumptables)
 *(.jumptables*)
                0x00000c14                        _etext = .

.data           0x00800060       0x1a load address 0x00000c14
                0x00800060                        PROVIDE (__data_start = .)
 *(.data)
 .data          0x00800060        0x0 C:/avr-toolchain/avr8-gnu-toolchain-win32_x86_64/bin/../lib/gcc/avr/15.1.0/../../../../avr/lib/avr5/crtatmega32.o
 .data          0x00800060        0x0 C:\Users\we\Desktop\ITI_Tasks\ITI_EmbeddedDiploma_Tasks\EmbeddedDriversCodingAssignment\release\HAL\7SegDriver\Seven_Seg_Program.c.o
 .data          0x00800060        0x6 C:\Users\we\Desktop\ITI_Tasks\ITI_EmbeddedDiploma_Tasks\EmbeddedDriversCodingAssignment\release\HAL\KPD_3X3\KPD3x3_Program.c.o
                0x00800060                RowsPins
                0x00800063                ColumnsPins
 .data          0x00800066        0x0 C:\Users\we\Desktop\ITI_Tasks\ITI_EmbeddedDiploma_Tasks\EmbeddedDriversCodingAssignment\release\HAL\LCD\LCD_Program.c.o
 .data          0x00800066        0x0 C:\Users\we\Desktop\ITI_Tasks\ITI_EmbeddedDiploma_Tasks\EmbeddedDriversCodingAssignment\release\HAL\MotorDriver\MotorDriver_Program.c.o
 .data          0x00800066        0x0 C:\Users\we\Desktop\ITI_Tasks\ITI_EmbeddedDiploma_Tasks\EmbeddedDriversCodingAssignment\release\main.c.o
 .data          0x00800066        0x0 C:\Users\we\Desktop\ITI_Tasks\ITI_EmbeddedDiploma_Tasks\EmbeddedDriversCodingAssignment\release\MCAL\ADC\ADC_Program.c.o
 .data          0x00800066        0x0 C:\Users\we\Desktop\ITI_Tasks\ITI_EmbeddedDiploma_Tasks\EmbeddedDriversCodingAssignment\release\MCAL\DIO\DIO_Program.c.o
 .data          0x00800066        0x0 C:\Users\we\Desktop\ITI_Tasks\ITI_EmbeddedDiploma_Tasks\EmbeddedDriversCodingAssignment\release\MCAL\Timers\Timer_Program.c.o
 .data          0x00800066        0x0 C:/avr-toolchain/avr8-gnu-toolchain-win32_x86_64/bin/../lib/gcc/avr/15.1.0/avr5\libgcc.a(_divmodsi4.o)
 .data          0x00800066        0x0 C:/avr-toolchain/avr8-gnu-toolchain-win32_x86_64/bin/../lib/gcc/avr/15.1.0/avr5\libgcc.a(_negsi2.o)
 .data          0x00800066        0x0 C:/avr-toolchain/avr8-gnu-toolchain-win32_x86_64/bin/../lib/gcc/avr/15.1.0/avr5\libgcc.a(_exit.o)
 .data          0x00800066        0x0 C:/avr-toolchain/avr8-gnu-toolchain-win32_x86_64/bin/../lib/gcc/avr/15.1.0/avr5\libgcc.a(_copy_data.o)
 .data          0x00800066        0x0 C:/avr-toolchain/avr8-gnu-toolchain-win32_x86_64/bin/../lib/gcc/avr/15.1.0/avr5\libgcc.a(_clear_bss.o)
 .data          0x00800066        0x0 C:/avr-toolchain/avr8-gnu-toolchain-win32_x86_64/bin/../lib/gcc/avr/15.1.0/avr5\libgcc.a(_udivmodsi4.o)
 .data          0x00800066        0x0 C:/avr-toolchain/avr8-gnu-toolchain-win32_x86_64/bin/../lib/gcc/avr/15.1.0/../../../../avr/lib/avr5\libm.a(floatsisf.o)
 .data          0x00800066        0x0 C:/avr-toolchain/avr8-gnu-toolchain-win32_x86_64/bin/../lib/gcc/avr/15.1.0/../../../../avr/lib/avr5\libm.a(gesf2.o)
 .data          0x00800066        0x0 C:/avr-toolchain/avr8-gnu-toolchain-win32_x86_64/bin/../lib/gcc/avr/15.1.0/../../../../avr/lib/avr5\libm.a(mulsf3.o)
 .data          0x00800066        0x0 C:/avr-toolchain/avr8-gnu-toolchain-win32_x86_64/bin/../lib/gcc/avr/15.1.0/../../../../avr/lib/avr5\libm.a(mulsf3x.o)
 .data          0x00800066        0x0 C:/avr-toolchain/avr8-gnu-toolchain-win32_x86_64/bin/../lib/gcc/avr/15.1.0/../../../../avr/lib/avr5\libm.a(fp_cmp.o)
 .data          0x00800066        0x0 C:/avr-toolchain/avr8-gnu-toolchain-win32_x86_64/bin/../lib/gcc/avr/15.1.0/../../../../avr/lib/avr5\libm.a(fp_inf.o)
 .data          0x00800066        0x0 C:/avr-toolchain/avr8-gnu-toolchain-win32_x86_64/bin/../lib/gcc/avr/15.1.0/../../../../avr/lib/avr5\libm.a(fp_nan.o)
 .data          0x00800066        0x0 C:/avr-toolchain/avr8-gnu-toolchain-win32_x86_64/bin/../lib/gcc/avr/15.1.0/../../../../avr/lib/avr5\libm.a(fp_pscA.o)
 .data          0x00800066        0x0 C:/avr-toolchain/avr8-gnu-toolchain-win32_x86_64/bin/../lib/gcc/avr/15.1.0/../../../../avr/lib/avr5\libm.a(fp_pscB.o)
 .data          0x00800066        0x0 C:/avr-toolchain/avr8-gnu-toolchain-win32_x86_64/bin/../lib/gcc/avr/15.1.0/../../../../avr/lib/avr5\libm.a(fp_round.o)
 .data          0x00800066        0x0 C:/avr-toolchain/avr8-gnu-toolchain-win32_x86_64/bin/../lib/gcc/avr/15.1.0/../../../../avr/lib/avr5\libm.a(fp_split3.o)
 .data          0x00800066        0x0 C:/avr-toolchain/avr8-gnu-toolchain-win32_x86_64/bin/../lib/gcc/avr/15.1.0/../../../../avr/lib/avr5\libm.a(fp_zero.o)
 *(.data*)
 *(.gnu.linkonce.d*)
 *(.rodata)
 .rodata        0x00800066        0xa C:\Users\we\Desktop\ITI_Tasks\ITI_EmbeddedDiploma_Tasks\EmbeddedDriversCodingAssignment\release\HAL\7SegDriver\Seven_Seg_Program.c.o
 .rodata        0x00800070        0x9 C:\Users\we\Desktop\ITI_Tasks\ITI_EmbeddedDiploma_Tasks\EmbeddedDriversCodingAssignment\release\HAL\KPD_3X3\KPD3x3_Program.c.o
 *(.rodata*)
 *(.gnu.linkonce.r*)
                0x0080007a                        . = ALIGN (0x2)
 *fill*         0x00800079        0x1 
                0x0080007a                        _edata = .
                0x0080007a                        PROVIDE (__data_end = .)

.bss            0x0080007a        0x2
                0x0080007a                        PROVIDE (__bss_start = .)
 *(.bss)
 .bss           0x0080007a        0x0 C:/avr-toolchain/avr8-gnu-toolchain-win32_x86_64/bin/../lib/gcc/avr/15.1.0/../../../../avr/lib/avr5/crtatmega32.o
 .bss           0x0080007a        0x0 C:\Users\we\Desktop\ITI_Tasks\ITI_EmbeddedDiploma_Tasks\EmbeddedDriversCodingAssignment\release\HAL\7SegDriver\Seven_Seg_Program.c.o
 .bss           0x0080007a        0x0 C:\Users\we\Desktop\ITI_Tasks\ITI_EmbeddedDiploma_Tasks\EmbeddedDriversCodingAssignment\release\HAL\KPD_3X3\KPD3x3_Program.c.o
 .bss           0x0080007a        0x0 C:\Users\we\Desktop\ITI_Tasks\ITI_EmbeddedDiploma_Tasks\EmbeddedDriversCodingAssignment\release\HAL\LCD\LCD_Program.c.o
 .bss           0x0080007a        0x0 C:\Users\we\Desktop\ITI_Tasks\ITI_EmbeddedDiploma_Tasks\EmbeddedDriversCodingAssignment\release\HAL\MotorDriver\MotorDriver_Program.c.o
 .bss           0x0080007a        0x0 C:\Users\we\Desktop\ITI_Tasks\ITI_EmbeddedDiploma_Tasks\EmbeddedDriversCodingAssignment\release\main.c.o
 .bss           0x0080007a        0x0 C:\Users\we\Desktop\ITI_Tasks\ITI_EmbeddedDiploma_Tasks\EmbeddedDriversCodingAssignment\release\MCAL\ADC\ADC_Program.c.o
 .bss           0x0080007a        0x0 C:\Users\we\Desktop\ITI_Tasks\ITI_EmbeddedDiploma_Tasks\EmbeddedDriversCodingAssignment\release\MCAL\DIO\DIO_Program.c.o
 .bss           0x0080007a        0x2 C:\Users\we\Desktop\ITI_Tasks\ITI_EmbeddedDiploma_Tasks\EmbeddedDriversCodingAssignment\release\MCAL\Timers\Timer_Program.c.o
 .bss           0x0080007c        0x0 C:/avr-toolchain/avr8-gnu-toolchain-win32_x86_64/bin/../lib/gcc/avr/15.1.0/avr5\libgcc.a(_divmodsi4.o)
 .bss           0x0080007c        0x0 C:/avr-toolchain/avr8-gnu-toolchain-win32_x86_64/bin/../lib/gcc/avr/15.1.0/avr5\libgcc.a(_negsi2.o)
 .bss           0x0080007c        0x0 C:/avr-toolchain/avr8-gnu-toolchain-win32_x86_64/bin/../lib/gcc/avr/15.1.0/avr5\libgcc.a(_exit.o)
 .bss           0x0080007c        0x0 C:/avr-toolchain/avr8-gnu-toolchain-win32_x86_64/bin/../lib/gcc/avr/15.1.0/avr5\libgcc.a(_copy_data.o)
 .bss           0x0080007c        0x0 C:/avr-toolchain/avr8-gnu-toolchain-win32_x86_64/bin/../lib/gcc/avr/15.1.0/avr5\libgcc.a(_clear_bss.o)
 .bss           0x0080007c        0x0 C:/avr-toolchain/avr8-gnu-toolchain-win32_x86_64/bin/../lib/gcc/avr/15.1.0/avr5\libgcc.a(_udivmodsi4.o)
 .bss           0x0080007c        0x0 C:/avr-toolchain/avr8-gnu-toolchain-win32_x86_64/bin/../lib/gcc/avr/15.1.0/../../../../avr/lib/avr5\libm.a(floatsisf.o)
 .bss           0x0080007c        0x0 C:/avr-toolchain/avr8-gnu-toolchain-win32_x86_64/bin/../lib/gcc/avr/15.1.0/../../../../avr/lib/avr5\libm.a(gesf2.o)
 .bss           0x0080007c        0x0 C:/avr-toolchain/avr8-gnu-toolchain-win32_x86_64/bin/../lib/gcc/avr/15.1.0/../../../../avr/lib/avr5\libm.a(mulsf3.o)
 .bss           0x0080007c        0x0 C:/avr-toolchain/avr8-gnu-toolchain-win32_x86_64/bin/../lib/gcc/avr/15.1.0/../../../../avr/lib/avr5\libm.a(mulsf3x.o)
 .bss           0x0080007c        0x0 C:/avr-toolchain/avr8-gnu-toolchain-win32_x86_64/bin/../lib/gcc/avr/15.1.0/../../../../avr/lib/avr5\libm.a(fp_cmp.o)
 .bss           0x0080007c        0x0 C:/avr-toolchain/avr8-gnu-toolchain-win32_x86_64/bin/../lib/gcc/avr/15.1.0/../../../../avr/lib/avr5\libm.a(fp_inf.o)
 .bss           0x0080007c        0x0 C:/avr-toolchain/avr8-gnu-toolchain-win32_x86_64/bin/../lib/gcc/avr/15.1.0/../../../../avr/lib/avr5\libm.a(fp_nan.o)
 .bss           0x0080007c        0x0 C:/avr-toolchain/avr8-gnu-toolchain-win32_x86_64/bin/../lib/gcc/avr/15.1.0/../../../../avr/lib/avr5\libm.a(fp_pscA.o)
 .bss           0x0080007c        0x0 C:/avr-toolchain/avr8-gnu-toolchain-win32_x86_64/bin/../lib/gcc/avr/15.1.0/../../../../avr/lib/avr5\libm.a(fp_pscB.o)
 .bss           0x0080007c        0x0 C:/avr-toolchain/avr8-gnu-toolchain-win32_x86_64/bin/../lib/gcc/avr/15.1.0/../../../../avr/lib/avr5\libm.a(fp_round.o)
 .bss           0x0080007c        0x0 C:/avr-toolchain/avr8-gnu-toolchain-win32_x86_64/bin/../lib/gcc/avr/15.1.0/../../../../avr/lib/avr5\libm.a(fp_split3.o)
 .bss           0x0080007c        0x0 C:/avr-toolchain/avr8-gnu-toolchain-win32_x86_64/bin/../lib/gcc/avr/15.1.0/../../../../avr/lib/avr5\libm.a(fp_zero.o)
 *(.bss*)
 *(COMMON)
                0x0080007c                        PROVIDE (__bss_end = .)
                0x00000c14                        __data_load_start = LOADADDR (.data)
                0x00000c2e                        __data_load_end = (__data_load_start + SIZEOF (.data))

.noinit         0x0080007c        0x0
                [!provide]                        PROVIDE (__noinit_start = .)
 *(.noinit .noinit.* .gnu.linkonce.n.*)
                [!provide]                        PROVIDE (__noinit_end = .)
                0x0080007c                        _end = .
                [!provide]                        PROVIDE (__heap_start = .)
                0x00000000                        __flmap_init_label = DEFINED (__flmap_noinit_start)?__flmap_noinit_start:0x0
                0x00000000                        __flmap = DEFINED (__flmap)?__flmap:0x0

.eeprom         0x00810000        0x0
 *(.eeprom*)
                0x00810000                        __eeprom_end = .

.fuse
 *(.fuse)
 *(.lfuse)
 *(.hfuse)
 *(.efuse)

.lock
 *(.lock*)

.signature
 *(.signature*)

.stab
 *(.stab)

.stabstr
 *(.stabstr)

.stab.excl
 *(.stab.excl)

.stab.exclstr
 *(.stab.exclstr)

.stab.index
 *(.stab.index)

.stab.indexstr
 *(.stab.indexstr)

.comment        0x00000000       0x2f
 *(.comment)
 .comment       0x00000000       0x2f C:\Users\we\Desktop\ITI_Tasks\ITI_EmbeddedDiploma_Tasks\EmbeddedDriversCodingAssignment\release\HAL\7SegDriver\Seven_Seg_Program.c.o
                                 0x30 (size before relaxing)
 .comment       0x0000002f       0x30 C:\Users\we\Desktop\ITI_Tasks\ITI_EmbeddedDiploma_Tasks\EmbeddedDriversCodingAssignment\release\HAL\KPD_3X3\KPD3x3_Program.c.o
 .comment       0x0000002f       0x30 C:\Users\we\Desktop\ITI_Tasks\ITI_EmbeddedDiploma_Tasks\EmbeddedDriversCodingAssignment\release\HAL\LCD\LCD_Program.c.o
 .comment       0x0000002f       0x30 C:\Users\we\Desktop\ITI_Tasks\ITI_EmbeddedDiploma_Tasks\EmbeddedDriversCodingAssignment\release\HAL\MotorDriver\MotorDriver_Program.c.o
 .comment       0x0000002f       0x30 C:\Users\we\Desktop\ITI_Tasks\ITI_EmbeddedDiploma_Tasks\EmbeddedDriversCodingAssignment\release\main.c.o
 .comment       0x0000002f       0x30 C:\Users\we\Desktop\ITI_Tasks\ITI_EmbeddedDiploma_Tasks\EmbeddedDriversCodingAssignment\release\MCAL\ADC\ADC_Program.c.o
 .comment       0x0000002f       0x30 C:\Users\we\Desktop\ITI_Tasks\ITI_EmbeddedDiploma_Tasks\EmbeddedDriversCodingAssignment\release\MCAL\DIO\DIO_Program.c.o
 .comment       0x0000002f       0x30 C:\Users\we\Desktop\ITI_Tasks\ITI_EmbeddedDiploma_Tasks\EmbeddedDriversCodingAssignment\release\MCAL\Timers\Timer_Program.c.o

.note.gnu.avr.deviceinfo
                0x00000000       0x3c
 .note.gnu.avr.deviceinfo
                0x00000000       0x3c C:/avr-toolchain/avr8-gnu-toolchain-win32_x86_64/bin/../lib/gcc/avr/15.1.0/../../../../avr/lib/avr5/crtatmega32.o

.gnu.build.attributes
 *(.gnu.build.attributes .gnu.build.attributes.*)

.note.gnu.build-id
 *(.note.gnu.build-id)

.debug
 *(.debug)

.line
 *(.line)

.debug_srcinfo
 *(.debug_srcinfo)

.debug_sfnames
 *(.debug_sfnames)

.debug_aranges
 *(.debug_aranges)

.debug_pubnames
 *(.debug_pubnames)

.debug_info     0x00000000      0x4e6
 *(.debug_info .gnu.linkonce.wi.*)
 .debug_info    0x00000000      0x4e6 C:/avr-toolchain/avr8-gnu-toolchain-win32_x86_64/bin/../lib/gcc/avr/15.1.0/../../../../avr/lib/avr5/crtatmega32.o

.debug_abbrev   0x00000000      0x4a3
 *(.debug_abbrev)
 .debug_abbrev  0x00000000      0x4a3 C:/avr-toolchain/avr8-gnu-toolchain-win32_x86_64/bin/../lib/gcc/avr/15.1.0/../../../../avr/lib/avr5/crtatmega32.o

.debug_line     0x00000000       0x1d
 *(.debug_line .debug_line.* .debug_line_end)
 .debug_line    0x00000000       0x1d C:/avr-toolchain/avr8-gnu-toolchain-win32_x86_64/bin/../lib/gcc/avr/15.1.0/../../../../avr/lib/avr5/crtatmega32.o

.debug_frame
 *(.debug_frame)

.debug_str      0x00000000      0x196
 *(.debug_str)
 .debug_str     0x00000000      0x196 C:/avr-toolchain/avr8-gnu-toolchain-win32_x86_64/bin/../lib/gcc/avr/15.1.0/../../../../avr/lib/avr5/crtatmega32.o

.debug_loc
 *(.debug_loc)

.debug_macinfo
 *(.debug_macinfo)

.debug_weaknames
 *(.debug_weaknames)

.debug_funcnames
 *(.debug_funcnames)

.debug_typenames
 *(.debug_typenames)

.debug_varnames
 *(.debug_varnames)

.debug_pubtypes
 *(.debug_pubtypes)

.debug_ranges
 *(.debug_ranges)

.debug_addr
 *(.debug_addr)

.debug_line_str
 *(.debug_line_str)

.debug_loclists
 *(.debug_loclists)

.debug_macro
 *(.debug_macro)

.debug_names
 *(.debug_names)

.debug_rnglists
 *(.debug_rnglists)

.debug_str_offsets
 *(.debug_str_offsets)

.debug_sup
 *(.debug_sup)
OUTPUT(C:\Users\we\Desktop\ITI_Tasks\ITI_EmbeddedDiploma_Tasks\EmbeddedDriversCodingAssignment\release\firmware.elf elf32-avr)
LOAD linker stubs
